============================================
   trig_program 1.0: tests/test-suite.log
============================================

# TOTAL: 1
# PASS:  0
# SKIP:  0
# XFAIL: 0
# FAIL:  1
# XPASS: 0
# ERROR: 0

System information (uname -a): Linux 6.12.1-arch1-1 #1 SMP PREEMPT_DYNAMIC Fri, 22 Nov 2024 16:04:27 +0000 x86_64
Distribution information (/etc/os-release):
NAME="Arch Linux"
PRETTY_NAME="Arch Linux"
ID=arch
BUILD_ID=rolling
ANSI_COLOR="38;2;23;147;209"
HOME_URL="https://archlinux.org/"
DOCUMENTATION_URL="https://wiki.archlinux.org/"
SUPPORT_URL="https://bbs.archlinux.org/"

.. contents:: :depth: 2

FAIL: trigprogramtest1
======================

curl_easy_perform() failed: Could not connect to server
FAIL trigprogramtest1 (exit status: 1)

